../Src/motor_control.c:37:6:MotorControl_init	8	static
../Src/motor_control.c:44:6:MotorControl_Stop	8	static
../Src/motor_control.c:51:6:MotorControl_RunUserMode	16	static
../Src/motor_control.c:65:6:MotorControl_Task	8	static
../Src/motor_control.c:129:6:MotorControl_SetMode	16	static
../Src/motor_control.c:136:6:MotorControl_SetDirection	16	static
../Src/motor_control.c:144:6:MotorControl_SetAdminSteps	16	static
../Src/motor_control.c:148:6:MotorControl_SetAdminDelay	16	static
../Src/motor_control.c:153:13:MotorControl_GetMode	4	static
../Src/motor_control.c:157:18:MotorControl_GetDirection	4	static
../Src/motor_control.c:161:14:MotorControl_GetState	4	static
../Src/motor_control.c:165:10:MotorControl_GetAdminSteps	4	static
../Src/motor_control.c:168:10:MotorControl_GetAdminDelay	4	static
../Src/motor_control.c:172:13:MotorControl_GetModeString	8	static
../Src/motor_control.c:183:13:MotorControl_GetStateString	8	static
../Src/motor_control.c:195:13:MotorControl_GetDirectionString	8	static
