../Src/motor_control.c:27:6:MotorControl_Init	8	static
../Src/motor_control.c:34:6:MotorControl_Stop	8	static
../Src/motor_control.c:39:6:MotorControl_RunUserMode	16	static
../Src/motor_control.c:55:6:MotorControl_RunAdminCustom	8	static
../Src/motor_control.c:78:6:MotorControl_SetMode	16	static
../Src/motor_control.c:85:6:MotorControl_SetDirection	16	static
../Src/motor_control.c:93:6:MotorControl_SetAdminSteps	16	static
../Src/motor_control.c:97:6:MotorControl_SetAdminDelay	16	static
../Src/motor_control.c:102:13:MotorControl_GetMode	4	static
../Src/motor_control.c:106:18:MotorControl_GetDirection	4	static
../Src/motor_control.c:110:14:MotorControl_GetState	4	static
../Src/motor_control.c:114:10:MotorControl_GetAdminSteps	4	static
../Src/motor_control.c:117:10:MotorControl_GetAdminDelay	4	static
../Src/motor_control.c:121:13:MotorControl_GetModeString	8	static
../Src/motor_control.c:132:13:MotorControl_GetStateString	8	static
../Src/motor_control.c:144:13:MotorControl_GetDirectionString	8	static
