../Src/tft.c:31:6:tft_gpio_init	4	static
../Src/tft.c:47:6:tft_cs_enable	4	static
../Src/tft.c:53:6:tft_cs_disable	4	static
../Src/tft.c:60:6:tft_write_cmd	16	static
../Src/tft.c:69:6:tft_write_data	16	static
../Src/tft.c:79:6:tft_write_data16	24	static
../Src/tft.c:87:6:tft_reset	8	static
../Src/tft.c:96:6:tft_init	8	static
../Src/tft.c:137:6:tft_set_window	24	static
../Src/tft.c:157:6:tft_draw_char	40	static
../Src/tft.c:176:6:tft_draw_string	40	static
../Src/tft.c:189:6:tft_testFullScreenColor	24	static
